[chestnutfeedery.com/index.html]
[backblue.gif]
[fade.gif]
[index.html]
[chestnutfeedery.com/wp-content/themes/twentyeleven_Mel/style.css]
[chestnutfeedery.com/feed/index.html]
[chestnutfeedery.com/xmlrpc0db0.php]
[chestnutfeedery.com/wp-includes/wlwmanifest.xml]
[chestnutfeedery.com/comments/feed/index.html]
[chestnutfeedery.com/wp-json/index.html]
[chestnutfeedery.com/wp-content/uploads/2016/01/cropped-icon-32x32.png]
[chestnutfeedery.com/wp-content/uploads/2016/01/cropped-icon-192x192.png]
[chestnutfeedery.com/wp-content/uploads/2016/01/cropped-icon-180x180.png]
[chestnutfeedery.com/wp-content/uploads/2016/01/cropped-DogAndCat.png]
[chestnutfeedery.com/wp-content/uploads/2018/02/Chicks.gif]
[chestnutfeedery.com/wp-content/uploads/2017/11/purple-bag.png]
[chestnutfeedery.com/about-us/index.html]
[chestnutfeedery.com/wp-content/uploads/2017/04/Pullet.png]
[chestnutfeedery.com/history/index.html]
[chestnutfeedery.com/horse/index.html]
[chestnutfeedery.com/wp-content/uploads/2017/04/IMG_20170414_093022883.jpg]
[chestnutfeedery.com/hours/index.html]
[chestnutfeedery.com/wp-content/uploads/2017/04/IMG_20170414_093022883-576x1024.jpg]
[chestnutfeedery.com/small-stock/index.html]
[chestnutfeedery.com/wp-content/uploads/2017/04/20l.jpg]
[chestnutfeedery.com/page/2/index.html]
[chestnutfeedery.com/wp-content/uploads/2017/04/20l-1024x576.jpg]
[chestnutfeedery.com/2018/02/21/barred-rock-pullet-chicks-are-in/index.html]
[2.bp.blogspot.com/_oOL7ac9vK80/TDjI-7zgVfI/AAAAAAAACrQ/Q-WM-DlCOs4/s1600/puck-258x181.jpg]
[chestnutfeedery.com/author/admin/index.html]
[chestnutfeedery.com/wp-content/uploads/2016/06/2.png]
[chestnutfeedery.com/category/chickens/index.html]
[chestnutfeedery.com/wp-content/uploads/2016/05/IMG_0084.jpg]
[chestnutfeedery.com/2017/11/25/kenny-o-dog-food/index.html]
[chestnutfeedery.com/wp-content/uploads/2016/05/IMG_0084-1024x667.jpg]
[chestnutfeedery.com/category/dog/index.html]
[chestnutfeedery.com/wp-content/uploads/2016/04/lg-89935-snail.jpg]
[chestnutfeedery.com/2017/04/21/nutri-source-drops-chewy-com/index.html]
[chestnutfeedery.com/wp-includes/js/wp-embed.min55fe.js]
[chestnutfeedery.com/index.html]
[chestnutfeedery.com/2017/04/14/pre-order-your-production-red-pullets/index.html]
[chestnutfeedery.com/wp-content/themes/twentyeleven_Mel/images/search.png]
[chestnutfeedery.com/2017/04/14/turkey-poults-have-arrived/index.html]
[chestnutfeedery.com/wp-content/themes/twentyeleven_Mel/images/comment-bubble.png]
[chestnutfeedery.com/2017/04/04/sale-on-20-gallon-long-aquariums/index.html]
[chestnutfeedery.com/wp-content/themes/twentyeleven_Mel/images/comment-arrow.png]
[chestnutfeedery.com/2017/02/07/world-record-bird/index.html]
[chestnutfeedery.com/wp-content/themes/twentyeleven_Mel/images/comment-arrow-bypostauthor.png]
[chestnutfeedery.com/wp-content/themes/twentyeleven_Mel/style.css]
[chestnutfeedery.com/2016/06/28/july-pullets-are-ready-for-pre-order/index.html]
[chestnutfeedery.com/category/farm/index.html]
[chestnutfeedery.com/xmlrpc.php]
[chestnutfeedery.com/tag/chickens/index.html]
[chestnutfeedery.com/category/uncategorized/index.html]
[chestnutfeedery.com/wp-json/oembed/1.0/embed36f2.json]
[chestnutfeedery.com/2016/05/23/most-common-phrase/index.html]
[chestnutfeedery.com/wp-json/oembed/1.0/embedc6fd]
[chestnutfeedery.com/about-us/index.html]
[chestnutfeedery.com/wp-includes/js/comment-reply.min55fe.js]
[chestnutfeedery.com/wp-json/oembed/1.0/embed3bfd.json]
[chestnutfeedery.com/2016/04/19/japanese-trap-door-snails/index.html]
[chestnutfeedery.com/history/index.html]
[chestnutfeedery.com/wp-json/oembed/1.0/embedbaed]
[chestnutfeedery.com/wp-json/oembed/1.0/embed7297.json]
[chestnutfeedery.com/wp-content/uploads/2015/12/beautiful-horse1-1000x288.jpg]
[chestnutfeedery.com/horse/index.html]
[chestnutfeedery.com/wp-json/oembed/1.0/embed1162]
[chestnutfeedery.com/wp-json/oembed/1.0/embed7db0.json]
[chestnutfeedery.com/hours/index.html]
[chestnutfeedery.com/wp-json/oembed/1.0/embedc5c1]
[chestnutfeedery.com/wp-json/oembed/1.0/embed0c68.json]
[chestnutfeedery.com/small-stock/index.html]
[chestnutfeedery.com/wp-json/oembed/1.0/embedf90d]
[chestnutfeedery.com/wp-content/uploads/2016/04/small-koi-fish-in-aquairum.jpg]
[chestnutfeedery.com/wp-content/uploads/2016/04/small-koi-fish-in-aquairum-1024x768.jpg]
[chestnutfeedery.com/2016/04/15/koi-have-arrived/index.html]
[chestnutfeedery.com/wp-content/uploads/2016/03/serinteruppt_dog.png]
[chestnutfeedery.com/wp-content/uploads/2016/02/TwosieTuesday.png]
[chestnutfeedery.com/category/fish/index.html]
[chestnutfeedery.com/wp-content/uploads/2016/02/TwosieTuesday-1024x680.png]
[chestnutfeedery.com/2016/03/17/seresto-collars-are-in/index.html]
[chestnutfeedery.com/page/2/index.html]
[chestnutfeedery.com/2016/02/08/price-list-for-exotics-282016/index.html]
[chestnutfeedery.com/2016/02/02/twosie-tuesday/index.html]
[chestnutfeedery.com/wp-json/oembed/1.0/embed9db7.json]
[chestnutfeedery.com/wp-json/oembed/1.0/embed9ece]
[chestnutfeedery.com/2018/02/21/barred-rock-pullet-chicks-are-in/index.html]
[chestnutfeedery.com/author/admin/index.html]
[chestnutfeedery.com/author/admin/feed/index.html]
[chestnutfeedery.com/category/chickens/index.html]
[chestnutfeedery.com/2015/12/04/the-chestnut-feedery/index.html]
[chestnutfeedery.com/category/chickens/feed/index.html]
[chestnutfeedery.com/wp-json/oembed/1.0/embedaf68.json]
[chestnutfeedery.com/2017/11/25/kenny-o-dog-food/index.html]
[chestnutfeedery.com/category/dog/index.html]
[chestnutfeedery.com/category/dog/feed/index.html]
[chestnutfeedery.com/wp-json/oembed/1.0/embedb30a]
[chestnutfeedery.com/wp-json/oembed/1.0/embed89ea.json]
[chestnutfeedery.com/2017/04/21/nutri-source-drops-chewy-com/index.html]
[chestnutfeedery.com/category/uncategorized/index.html]
[chestnutfeedery.com/category/uncategorized/feed/index.html]
[chestnutfeedery.com/wp-json/oembed/1.0/embed6376]
[chestnutfeedery.com/wp-json/oembed/1.0/embed6aa3.json]
[chestnutfeedery.com/wp-json/oembed/1.0/embedbb3d]
[chestnutfeedery.com/2017/04/14/pre-order-your-production-red-pullets/index.html]
[chestnutfeedery.com/wp-json/oembed/1.0/embeda70e.json]
[chestnutfeedery.com/wp-json/oembed/1.0/embedf1a3]
[chestnutfeedery.com/2017/04/14/turkey-poults-have-arrived/index.html]
[chestnutfeedery.com/wp-content/uploads/2017/04/IMG_20170414_093022883.jpg]
[chestnutfeedery.com/wp-json/oembed/1.0/embed62eb.json]
[chestnutfeedery.com/wp-json/oembed/1.0/embed6b4d]
[chestnutfeedery.com/2017/04/04/sale-on-20-gallon-long-aquariums/index.html]
[chestnutfeedery.com/wp-json/oembed/1.0/embede49a.json]
[chestnutfeedery.com/wp-json/oembed/1.0/embedeea2]
[chestnutfeedery.com/2017/02/07/world-record-bird/index.html]
[chestnutfeedery.com/author/admin/page/2/index.html]
[chestnutfeedery.com/wp-json/oembed/1.0/embedf4dc.json]
[chestnutfeedery.com/2016/06/28/july-pullets-are-ready-for-pre-order/index.html]
[chestnutfeedery.com/category/farm/index.html]
[chestnutfeedery.com/category/farm/feed/index.html]
[chestnutfeedery.com/wp-json/oembed/1.0/embedb85d]
[chestnutfeedery.com/tag/chickens/index.html]
[chestnutfeedery.com/tag/chickens/feed/index.html]
[chestnutfeedery.com/wp-json/oembed/1.0/embed4d24.json]
[chestnutfeedery.com/2016/05/23/most-common-phrase/index.html]
[chestnutfeedery.com/wp-json/oembed/1.0/embed55e6]
[chestnutfeedery.com/wp-json/oembed/1.0/embed1bbb.json]
[chestnutfeedery.com/2016/04/19/japanese-trap-door-snails/index.html]
[chestnutfeedery.com/indexd8eb.html]
[chestnutfeedery.com/index40a0.html]
[chestnutfeedery.com/index2dc4.html]
[chestnutfeedery.com/index88b9.html]
[chestnutfeedery.com/index5757.html]
[chestnutfeedery.com/wp-json/oembed/1.0/embedd9f9]
[chestnutfeedery.com/wp-json/oembed/1.0/embed525e.json]
[chestnutfeedery.com/2016/04/15/koi-have-arrived/index.html]
[chestnutfeedery.com/category/fish/index.html]
[chestnutfeedery.com/wp-json/oembed/1.0/embede0bc]
[chestnutfeedery.com/category/fish/feed/index.html]
[chestnutfeedery.com/wp-json/oembed/1.0/embedc285.json]
[chestnutfeedery.com/2016/03/17/seresto-collars-are-in/index.html]
[chestnutfeedery.com/wp-json/oembed/1.0/embedc5fc]
[chestnutfeedery.com/wp-json/oembed/1.0/embed0854.json]
[chestnutfeedery.com/2016/02/08/price-list-for-exotics-282016/index.html]
[chestnutfeedery.com/wp-json/oembed/1.0/embedc0e8]
[chestnutfeedery.com/wp-json/oembed/1.0/embeda5ba.json]
[chestnutfeedery.com/2016/02/02/twosie-tuesday/index.html]
[chestnutfeedery.com/wp-json/oembed/1.0/embed57d4]
[chestnutfeedery.com/wp-json/oembed/1.0/embed6823.json]
[chestnutfeedery.com/2015/12/04/the-chestnut-feedery/index.html]
[chestnutfeedery.com/index460d.html]
[chestnutfeedery.com/author/admin/page/2/index.html]
[chestnutfeedery.com/index5401.html]
[chestnutfeedery.com/index6213.html]
[chestnutfeedery.com/index287b.html]
[chestnutfeedery.com/indexbde5.html]
[chestnutfeedery.com/wp-json/oembed/1.0/embedee8b]
[chestnutfeedery.com/index49a5.html]
[chestnutfeedery.com/index3f3a.html]
[chestnutfeedery.com/index8cd4.html]
[chestnutfeedery.com/index0721.html]
[chestnutfeedery.com/index2dc8.html]
[chestnutfeedery.com/index5fb3.html]
[chestnutfeedery.com/indexcb30.html]
[chestnutfeedery.com/index49b1.html]
[chestnutfeedery.com/index3ba0.html]
[chestnutfeedery.com/indexc471.html]
